## /projects/cubit/claro.Lin64.15.0/bin/cubitx
## Cubit Version 15.0
## Cubit Build 401220
## Revised 2015-10-29 13:04:49 -0600 (Thu, 29 Oct 2015)
## Running 11/02/2015 01:19:14 PM
## Command Options:
create brick x 1
create cylinder height 2 radius 0.067593
rotate volume 2 about y angle 45
move volume 2 y 0.5
volume 2 copy
move volume 2 y -1
volume 2 copy
rotate volume 2 about y angle 90
volume 2 copy
move volume 2 y 1
volume 2 copy
move volume 2 y -0.5
rotate volume 2 about y angle 45
rotate volume 2 about x angle 45
move volume 2 x -0.5
volume 2 copy
move volume 2 x 1
volume 2 copy
rotate volume 2 about x angle 90
volume 2 copy
move volume 2 x -1
volume 2 copy
move volume 2 x 0.5
rotate volume 2 about x angle 45
rotate volume 2 about x angle 90
rotate volume 2 about z angle 45
move volume 2 z 0.5
volume 2 copy
move volume 2 z -1
volume 2 copy
rotate volume 2 about z angle 90
volume 2 copy
move volume 2 z 1
volume 2 copy
move volume 2 z -0.5
rotate volume 2 about z angle 45
rotate volume 2 about x angle 45
move volume 2 z 0.5
volume 2 copy
move volume 2 z -1
volume 2 copy
move volume 2 z 0.5
rotate volume 2 about x angle 90
move volume 2 z -0.5
volume 2 copy
move volume 2 z 1
volume 2 copy
move volume 2 z -0.5
rotate volume 2 about x angle 45
rotate volume 2 about z angle 90
rotate volume 2 about y angle 45
move volume 2 z 0.5
volume 2 copy
move volume 2 z -1
volume 2 copy
move volume 2 z 0.5
rotate volume 2 about y angle 90
move volume 2 z 0.5
volume 2 copy
move volume 2 z -1
volume 2 copy
move volume 2 z 0.5
rotate volume 2 about y angle 45
rotate volume 2 about z angle 45
move volume 2 x 0.5
volume 2 copy
move volume 2 x -1
volume 2 copy
move volume 2 x 0.5
rotate volume 2 about z angle 90
move volume 2 x 0.5
volume 2 copy
move volume 2 x -1
volume 2 copy
delete volume 2
webcut volume all except volume 1 with tool volume 1
delete volume 57 62 11 6 10 47 50 52 5 53 4 13 41 40 9 12 60 51 56 14 3 39 42
delete volume 45 7 8 55 44 61 49 43 46 58 59
delete volume 48 54
delete volume 1
unite volume all
tweak curve all except curve 416 417 511 414 418 429 411 409 406 512 520 483 419 156 480 534 531 401 539 538 404 513 515 516 519 421 426 425 422 149 427 428 433 434 435 437 438 440 441 432 430 431 540 445 442 547 545 523 521 543 541 108 439 542 476 473 508 506 503 501 470 467 423 424 436 420 518 544 517 514 101 546 fillet radius 0.03
body all size 0.025
volume all scheme tetmesh
mesh volume all
sideset 1 surface 314
sideset 2 surface 328
sideset 3 surface 334
sideset 4 surface 313
sideset 5 surface 350
sideset 6 surface 339
nodeset 1 surface 314
nodeset 2 surface 328
nodeset 3 surface 334
nodeset 4 surface 313
nodeset 5 surface 350
nodeset 6 surface 339
export mesh "tetrahedral_cell.gen" overwrite
